components/ExpeditionForm.tsx(44,5): error TS2322: Type 'Resolver<{ date: string; sender: string; receiver: string; service: "luar-kota" | "dalam-kota"; coly: unknown; weight: unknown; total: unknown; resi: string; }, any, { date: string; sender: string; receiver: string; service: "luar-kota" | "dalam-kota"; coly: number; weight: number; total: number; resi: string; }>' is not assignable to type 'Resolver<{ date: string; sender: string; receiver: string; service: "luar-kota" | "dalam-kota"; coly: number; weight: number; total: number; resi: string; }, any, { date: string; sender: string; receiver: string; ... 4 more ...; resi: string; }>'.
  Types of parameters 'options' and 'options' are incompatible.
    Type 'ResolverOptions<{ date: string; sender: string; receiver: string; service: "luar-kota" | "dalam-kota"; coly: number; weight: number; total: number; resi: string; }>' is not assignable to type 'ResolverOptions<{ date: string; sender: string; receiver: string; service: "luar-kota" | "dalam-kota"; coly: unknown; weight: unknown; total: unknown; resi: string; }>'.
      Type 'unknown' is not assignable to type 'number'.
components/ExpeditionForm.tsx(109,38): error TS2345: Argument of type '(data: ExpeditionFormData) => void' is not assignable to parameter of type 'SubmitHandler<TFieldValues>'.
  Types of parameters 'data' and 'data' are incompatible.
    Type 'TFieldValues' is not assignable to type '{ date: string; sender: string; receiver: string; service: "luar-kota" | "dalam-kota"; coly: number; weight: number; total: number; resi: string; }'.
      Type 'FieldValues' is missing the following properties from type '{ date: string; sender: string; receiver: string; service: "luar-kota" | "dalam-kota"; coly: number; weight: number; total: number; resi: string; }': date, sender, receiver, service, and 4 more.
